Archive member included to satisfy reference by file (symbol)

C:/ST/STM32CubeIDE_1.19.0/STM32CubeIDE/plugins/com.st.stm32cube.ide.mcu.externaltools.gnu-tools-for-stm32.13.3.rel1.win32_1.0.0.202411081344/tools/bin/../lib/gcc/arm-none-eabi/13.3.1/../../../../arm-none-eabi/lib/thumb/v7e-m/nofp\libc_nano.a(libc_a-exit.o)
                              C:/ST/STM32CubeIDE_1.19.0/STM32CubeIDE/plugins/com.st.stm32cube.ide.mcu.externaltools.gnu-tools-for-stm32.13.3.rel1.win32_1.0.0.202411081344/tools/bin/../lib/gcc/arm-none-eabi/13.3.1/../../../../arm-none-eabi/lib/thumb/v7e-m/nofp/crt0.o (exit)
C:/ST/STM32CubeIDE_1.19.0/STM32CubeIDE/plugins/com.st.stm32cube.ide.mcu.externaltools.gnu-tools-for-stm32.13.3.rel1.win32_1.0.0.202411081344/tools/bin/../lib/gcc/arm-none-eabi/13.3.1/../../../../arm-none-eabi/lib/thumb/v7e-m/nofp\libc_nano.a(libc_a-findfp.o)
                              C:/ST/STM32CubeIDE_1.19.0/STM32CubeIDE/plugins/com.st.stm32cube.ide.mcu.externaltools.gnu-tools-for-stm32.13.3.rel1.win32_1.0.0.202411081344/tools/bin/../lib/gcc/arm-none-eabi/13.3.1/../../../../arm-none-eabi/lib/thumb/v7e-m/nofp\libc_nano.a(libc_a-exit.o) (__stdio_exit_handler)
C:/ST/STM32CubeIDE_1.19.0/STM32CubeIDE/plugins/com.st.stm32cube.ide.mcu.externaltools.gnu-tools-for-stm32.13.3.rel1.win32_1.0.0.202411081344/tools/bin/../lib/gcc/arm-none-eabi/13.3.1/../../../../arm-none-eabi/lib/thumb/v7e-m/nofp\libc_nano.a(libc_a-fwalk.o)
                              C:/ST/STM32CubeIDE_1.19.0/STM32CubeIDE/plugins/com.st.stm32cube.ide.mcu.externaltools.gnu-tools-for-stm32.13.3.rel1.win32_1.0.0.202411081344/tools/bin/../lib/gcc/arm-none-eabi/13.3.1/../../../../arm-none-eabi/lib/thumb/v7e-m/nofp\libc_nano.a(libc_a-findfp.o) (_fwalk_sglue)
C:/ST/STM32CubeIDE_1.19.0/STM32CubeIDE/plugins/com.st.stm32cube.ide.mcu.externaltools.gnu-tools-for-stm32.13.3.rel1.win32_1.0.0.202411081344/tools/bin/../lib/gcc/arm-none-eabi/13.3.1/../../../../arm-none-eabi/lib/thumb/v7e-m/nofp\libc_nano.a(libc_a-stdio.o)
                              C:/ST/STM32CubeIDE_1.19.0/STM32CubeIDE/plugins/com.st.stm32cube.ide.mcu.externaltools.gnu-tools-for-stm32.13.3.rel1.win32_1.0.0.202411081344/tools/bin/../lib/gcc/arm-none-eabi/13.3.1/../../../../arm-none-eabi/lib/thumb/v7e-m/nofp\libc_nano.a(libc_a-findfp.o) (__sread)
C:/ST/STM32CubeIDE_1.19.0/STM32CubeIDE/plugins/com.st.stm32cube.ide.mcu.externaltools.gnu-tools-for-stm32.13.3.rel1.win32_1.0.0.202411081344/tools/bin/../lib/gcc/arm-none-eabi/13.3.1/../../../../arm-none-eabi/lib/thumb/v7e-m/nofp\libc_nano.a(libc_a-memset.o)
                              C:/ST/STM32CubeIDE_1.19.0/STM32CubeIDE/plugins/com.st.stm32cube.ide.mcu.externaltools.gnu-tools-for-stm32.13.3.rel1.win32_1.0.0.202411081344/tools/bin/../lib/gcc/arm-none-eabi/13.3.1/../../../../arm-none-eabi/lib/thumb/v7e-m/nofp/crt0.o (memset)
C:/ST/STM32CubeIDE_1.19.0/STM32CubeIDE/plugins/com.st.stm32cube.ide.mcu.externaltools.gnu-tools-for-stm32.13.3.rel1.win32_1.0.0.202411081344/tools/bin/../lib/gcc/arm-none-eabi/13.3.1/../../../../arm-none-eabi/lib/thumb/v7e-m/nofp\libc_nano.a(libc_a-closer.o)
                              C:/ST/STM32CubeIDE_1.19.0/STM32CubeIDE/plugins/com.st.stm32cube.ide.mcu.externaltools.gnu-tools-for-stm32.13.3.rel1.win32_1.0.0.202411081344/tools/bin/../lib/gcc/arm-none-eabi/13.3.1/../../../../arm-none-eabi/lib/thumb/v7e-m/nofp\libc_nano.a(libc_a-stdio.o) (_close_r)
C:/ST/STM32CubeIDE_1.19.0/STM32CubeIDE/plugins/com.st.stm32cube.ide.mcu.externaltools.gnu-tools-for-stm32.13.3.rel1.win32_1.0.0.202411081344/tools/bin/../lib/gcc/arm-none-eabi/13.3.1/../../../../arm-none-eabi/lib/thumb/v7e-m/nofp\libc_nano.a(libc_a-reent.o)
                              C:/ST/STM32CubeIDE_1.19.0/STM32CubeIDE/plugins/com.st.stm32cube.ide.mcu.externaltools.gnu-tools-for-stm32.13.3.rel1.win32_1.0.0.202411081344/tools/bin/../lib/gcc/arm-none-eabi/13.3.1/../../../../arm-none-eabi/lib/thumb/v7e-m/nofp\libc_nano.a(libc_a-closer.o) (errno)
C:/ST/STM32CubeIDE_1.19.0/STM32CubeIDE/plugins/com.st.stm32cube.ide.mcu.externaltools.gnu-tools-for-stm32.13.3.rel1.win32_1.0.0.202411081344/tools/bin/../lib/gcc/arm-none-eabi/13.3.1/../../../../arm-none-eabi/lib/thumb/v7e-m/nofp\libc_nano.a(libc_a-impure.o)
                              C:/ST/STM32CubeIDE_1.19.0/STM32CubeIDE/plugins/com.st.stm32cube.ide.mcu.externaltools.gnu-tools-for-stm32.13.3.rel1.win32_1.0.0.202411081344/tools/bin/../lib/gcc/arm-none-eabi/13.3.1/../../../../arm-none-eabi/lib/thumb/v7e-m/nofp\libc_nano.a(libc_a-reent.o) (_impure_ptr)
C:/ST/STM32CubeIDE_1.19.0/STM32CubeIDE/plugins/com.st.stm32cube.ide.mcu.externaltools.gnu-tools-for-stm32.13.3.rel1.win32_1.0.0.202411081344/tools/bin/../lib/gcc/arm-none-eabi/13.3.1/../../../../arm-none-eabi/lib/thumb/v7e-m/nofp\libc_nano.a(libc_a-lseekr.o)
[...]
Memory Configuration

Name             Origin             Length             Attributes
CCMRAM           0x10000000         0x00010000         xrw
RAM              0x20000000         0x00020000         xrw
FLASH            0x08000000         0x00100000         xr
*default*        0x00000000         0xffffffff

Linker script and memory map

LOAD C:/ST/STM32CubeIDE_1.19.0/STM32CubeIDE/plugins/com.st.stm32cube.ide.mcu.externaltools.gnu-tools-for-stm32.13.3.rel1.win32_1.0.0.202411081344/tools/bin/../lib/gcc/arm-none-eabi/13.3.1/thumb/v7e-m/nofp/crti.o
LOAD C:/ST/STM32CubeIDE_1.19.0/STM32CubeIDE/plugins/com.st.stm32cube.ide.mcu.externaltools.gnu-tools-for-stm32.13.3.rel1.win32_1.0.0.202411081344/tools/bin/../lib/gcc/arm-none-eabi/13.3.1/thumb/v7e-m/nofp/crtbegin.o
LOAD C:/ST/STM32CubeIDE_1.19.0/STM32CubeIDE/plugins/com.st.stm32cube.ide.mcu.externaltools.gnu-tools-for-stm32.13.3.rel1.win32_1.0.0.202411081344/tools/bin/../lib/gcc/arm-none-eabi/13.3.1/../../../../arm-none-eabi/lib/thumb/v7e-m/nofp/crt0.o
LOAD ./Core/Src/main.o
LOAD ./Core/Src/my_lcd.o
LOAD ./Core/Src/stm32f4xx_hal_msp.o
LOAD ./Core/Src/stm32f4xx_it.o
LOAD ./Core/Src/syscalls.o
LOAD ./Core/Src/sysmem.o
LOAD ./Core/Src/system_stm32f4xx.o
LOAD ./Core/Startup/startup_stm32f407vgtx.o
LOAD ./Drivers/STM32F4xx_HAL_Driver/Src/stm32f4xx_hal.o
LOAD ./Drivers/STM32F4xx_HAL_Driver/Src/stm32f4xx_hal_cortex.o
LOAD ./Drivers/STM32F4xx_HAL_Driver/Src/stm32f4xx_hal_dma.o
LOAD ./Drivers/STM32F4xx_HAL_Driver/Src/stm32f4xx_hal_dma_ex.o
LOAD ./Drivers/STM32F4xx_HAL_Driver/Src/stm32f4xx_hal_exti.o
LOAD ./Drivers/STM32F4xx_HAL_Driver/Src/stm32f4xx_hal_flash.o
LOAD ./Drivers/STM32F4xx_HAL_Driver/Src/stm32f4xx_hal_flash_ex.o
LOAD ./Drivers/STM32F4xx_HAL_Driver/Src/stm32f4xx_hal_flash_ramfunc.o
LOAD ./Drivers/STM32F4xx_HAL_Driver/Src/stm32f4xx_hal_gpio.o
LOAD ./Drivers/STM32F4xx_HAL_Driver/Src/stm32f4xx_hal_i2c.o
LOAD ./Drivers/STM32F4xx_HAL_Driver/Src/stm32f4xx_hal_i2c_ex.o
LOAD ./Drivers/STM32F4xx_HAL_Driver/Src/stm32f4xx_hal_pwr.o
LOAD ./Drivers/STM32F4xx_HAL_Driver/Src/stm32f4xx_hal_pwr_ex.o
LOAD ./Drivers/STM32F4xx_HAL_Driver/Src/stm32f4xx_hal_rcc.o
LOAD ./Drivers/STM32F4xx_HAL_Driver/Src/stm32f4xx_hal_rcc_ex.o
LOAD ./Drivers/STM32F4xx_HAL_Driver/Src/stm32f4xx_hal_uart.o
START GROUP
LOAD C:/ST/STM32CubeIDE_1.19.0/STM32CubeIDE/plugins/com.st.stm32cube.ide.mcu.externaltools.gnu-tools-for-stm32.13.3.rel1.win32_1.0.0.202411081344/tools/bin/../lib/gcc/arm-none-eabi/13.3.1/../../../../arm-none-eabi/lib/thumb/v7e-m/nofp\libc_nano.a
LOAD C:/ST/STM32CubeIDE_1.19.0/STM32CubeIDE/plugins/com.st.stm32cube.ide.mcu.externaltools.gnu-tools-for-stm32.13.3.rel1.win32_1.0.0.202411081344/tools/bin/../lib/gcc/arm-none-eabi/13.3.1/../../../../arm-none-eabi/lib/thumb/v7e-m/nofp\libm.a
END GROUP
START GROUP
LOAD C:/ST/STM32CubeIDE_1.19.0/STM32CubeIDE/plugins/com.st.stm32cube.ide.mcu.externaltools.gnu-tools-for-stm32.13.3.rel1.win32_1.0.0.202411081344/tools/bin/../lib/gcc/arm-none-eabi/13.3.1/thumb/v7e-m/nofp\libgcc.a
LOAD C:/ST/STM32CubeIDE_1.19.0/STM32CubeIDE/plugins/com.st.stm32cube.ide.mcu.externaltools.gnu-tools-for-stm32.13.3.rel1.win32_1.0.0.202411081344/tools/bin/../lib/gcc/arm-none-eabi/13.3.1/../../../../arm-none-eabi/lib/thumb/v7e-m/nofp\libc_nano.a
END GROUP
START GROUP
LOAD C:/ST/STM32CubeIDE_1.19.0/STM32CubeIDE/plugins/com.st.stm32cube.ide.mcu.externaltools.gnu-tools-for-stm32.13.3.rel1.win32_1.0.0.202411081344/tools/bin/../lib/gcc/arm-none-eabi/13.3.1/thumb/v7e-m/nofp\libgcc.a
LOAD C:/ST/STM32CubeIDE_1.19.0/STM32CubeIDE/plugins/com.st.stm32cube.ide.mcu.externaltools.gnu-tools-for-stm32.13.3.rel1.win32_1.0.0.202411081344/tools/bin/../lib/gcc/arm-none-eabi/13.3.1/../../../../arm-none-eabi/lib/thumb/v7e-m/nofp\libc_nano.a
LOAD C:/ST/STM32CubeIDE_1.19.0/STM32CubeIDE/plugins/com.st.stm32cube.ide.mcu.externaltools.gnu-tools-for-stm32.13.3.rel1.win32_1.0.0.202411081344/tools/bin/../lib/gcc/arm-none-eabi/13.3.1/../../../../arm-none-eabi/lib/thumb/v7e-m/nofp\libnosys.a
END GROUP
START GROUP
LOAD C:/ST/STM32CubeIDE_1.19.0/STM32CubeIDE/plugins/com.st.stm32cube.ide.mcu.externaltools.gnu-tools-for-stm32.13.3.rel1.win32_1.0.0.202411081344/tools/bin/../lib/gcc/arm-none-eabi/13.3.1/thumb/v7e-m/nofp\libgcc.a
LOAD C:/ST/STM32CubeIDE_1.19.0/STM32CubeIDE/plugins/com.st.stm32cube.ide.mcu.externaltools.gnu-tools-for-stm32.13.3.rel1.win32_1.0.0.202411081344/tools/bin/../lib/gcc/arm-none-eabi/13.3.1/../../../../arm-none-eabi/lib/thumb/v7e-m/nofp\libc_nano.a
LOAD C:/ST/STM32CubeIDE_1.19.0/STM32CubeIDE/plugins/com.st.stm32cube.ide.mcu.externaltools.gnu-tools-for-stm32.13.3.rel1.win32_1.0.0.202411081344/tools/bin/../lib/gcc/arm-none-eabi/13.3.1/../../../../arm-none-eabi/lib/thumb/v7e-m/nofp\libnosys.a
END GROUP
LOAD C:/ST/STM32CubeIDE_1.19.0/STM32CubeIDE/plugins/com.st.stm32cube.ide.mcu.externaltools.gnu-tools-for-stm32.13.3.rel1.win32_1.0.0.202411081344/tools/bin/../lib/gcc/arm-none-eabi/13.3.1/thumb/v7e-m/nofp/crtend.o
LOAD C:/ST/STM32CubeIDE_1.19.0/STM32CubeIDE/plugins/com.st.stm32cube.ide.mcu.externaltools.gnu-tools-for-stm32.13.3.rel1.win32_1.0.0.202411081344/tools/bin/../lib/gcc/arm-none-eabi/13.3.1/thumb/v7e-m/nofp/crtn.o
                0x20020000                        _estack = (ORIGIN (RAM) + LENGTH (RAM))
                0x00000200                        _Min_Heap_Size = 0x200
                0x00000400                        _Min_Stack_Size = 0x400

.isr_vector     0x08000000      0x188
                0x08000000                        . = ALIGN (0x4)
 *(.isr_vector)
 .isr_vector    0x08000000      0x188 ./Core/Startup/startup_stm32f407vgtx.o
                0x08000000                g_pfnVectors
                0x08000188                        . = ALIGN (0x4)

.text           0x08000188     0x2ea8
                0x08000188                        . = ALIGN (0x4)
 *(.text)
 .text          0x08000188       0x40 C:/ST/STM32CubeIDE_1.19.0/STM32CubeIDE/plugins/com.st.stm32cube.ide.mcu.externaltools.gnu-tools-for-stm32.13.3.rel1.win32_1.0.0.202411081344/tools/bin/../lib/gcc/arm-none-eabi/13.3.1/thumb/v7e-m/nofp/crtbegin.o
 .text          0x080001c8       0x30 C:/ST/STM32CubeIDE_1.19.0/STM32CubeIDE/plugins/com.st.stm32cube.ide.mcu.externaltools.gnu-tools-for-stm32.13.3.rel1.win32_1.0.0.202411081344/tools/bin/../lib/gcc/arm-none-eabi/13.3.1/thumb/v7e-m/nofp\libgcc.a(_aeabi_uldivmod.o)
                0x080001c8                __aeabi_uldivmod
 .text          0x080001f8      0x2f8 C:/ST/STM32CubeIDE_1.19.0/STM32CubeIDE/plugins/com.st.stm32cube.ide.mcu.externaltools.gnu-tools-for-stm32.13.3.rel1.win32_1.0.0.202411081344/tools/bin/../lib/gcc/arm-none-eabi/13.3.1/thumb/v7e-m/nofp\libgcc.a(_udivmoddi4.o)
                0x080001f8                __udivmoddi4
 .text          0x080004f0        0x4 C:/ST/STM32CubeIDE_1.19.0/STM32CubeIDE/plugins/com.st.stm32cube.ide.mcu.externaltools.gnu-tools-for-stm32.13.3.rel1.win32_1.0.0.202411081344/tools/bin/../lib/gcc/arm-none-eabi/13.3.1/thumb/v7e-m/nofp\libgcc.a(_dvmd_tls.o)
                0x080004f0                __aeabi_idiv0
                0x080004f0                __aeabi_ldiv0
 *(.text*)
 .text.main     0x080004f4       0x54 ./Core/Src/main.o
                0x080004f4                main
 .text.SystemClock_Config
                0x08000548       0xd4 ./Core/Src/main.o
                0x08000548                SystemClock_Config
 .text.MX_I2C1_Init
                0x0800061c       0x5c ./Core/Src/main.o
 .text.MX_GPIO_Init
                0x08000678       0xa4 ./Core/Src/main.o
 .text.Error_Handler
                0x0800071c        0xc ./Core/Src/main.o
                0x0800071c                Error_Handler
 .text.lcd_i2c_send_nibble
                0x08000728       0x40 ./Core/Src/my_lcd.o
                0x08000728                lcd_i2c_send_nibble
 .text.lcd16x2_i2c_sendCommand
                0x08000768       0x40 ./Core/Src/my_lcd.o
                0x08000768                lcd16x2_i2c_sendCommand
 .text.lcd16x2_i2c_sendData
                0x080007a8       0x40 ./Core/Src/my_lcd.o
                0x080007a8                lcd16x2_i2c_sendData
 .text.lcd16x2_i2c_init
                0x080007e8       0xbc ./Core/Src/my_lcd.o
                0x080007e8                lcd16x2_i2c_init
 .text.lcd16x2_i2c_setCursor
                0x080008a4       0x3e ./Core/Src/my_lcd.o
                0x080008a4                lcd16x2_i2c_setCursor
 .text.lcd16x2_i2c_clear
                0x080008e2       0x14 ./Core/Src/my_lcd.o
                0x080008e2                lcd16x2_i2c_clear
 .text.lcd16x2_i2c_printf
                0x080008f6       0x38 ./Core/Src/my_lcd.o
                0x080008f6                lcd16x2_i2c_printf
 *fill*         0x0800092e        0x2 
 .text.HAL_MspInit
                0x08000930       0x50 ./Core/Src/stm32f4xx_hal_msp.o
                0x08000930                HAL_MspInit
 .text.HAL_I2C_MspInit
                0x08000980       0x90 ./Core/Src/stm32f4xx_hal_msp.o
                0x08000980                HAL_I2C_MspInit
 .text.NMI_Handler
                0x08000a10        0x8 ./Core/Src/stm32f4xx_it.o
                0x08000a10                NMI_Handler
 .text.HardFault_Handler
                0x08000a18        0x8 ./Core/Src/stm32f4xx_it.o
                0x08000a18                HardFault_Handler
 .text.MemManage_Handler
                0x08000a20        0x8 ./Core/Src/stm32f4xx_it.o
                0x08000a20                MemManage_Handler
 .text.BusFault_Handler
                0x08000a28        0x8 ./Core/Src/stm32f4xx_it.o
                0x08000a28                BusFault_Handler
 .text.UsageFault_Handler
                0x08000a30        0x8 ./Core/Src/stm32f4xx_it.o
                0x08000a30                UsageFault_Handler
 .text.SVC_Handler
                0x08000a38        0xc ./Core/Src/stm32f4xx_it.o
                0x08000a38                SVC_Handler
 .text.DebugMon_Handler
                0x08000a44        0xc ./Core/Src/stm32f4xx_it.o
                0x08000a44                DebugMon_Handler
 .text.PendSV_Handler
                0x08000a50        0xc ./Core/Src/stm32f4xx_it.o
                0x08000a50                PendSV_Handler
 .text.SysTick_Handler
                0x08000a5c        0xc ./Core/Src/stm32f4xx_it.o
                0x08000a5c                SysTick_Handler
 .text.USART2_IRQHandler
                0x08000a68       0x14 ./Core/Src/stm32f4xx_it.o
                0x08000a68                USART2_IRQHandler
 .text.SystemInit
                0x08000a7c        0xc ./Core/Src/system_stm32f4xx.o
                0x08000a7c                SystemInit
 .text.Reset_Handler
                0x08000a88       0x50 ./Core/Startup/startup_stm32f407vgtx.o
                0x08000a88                Reset_Handler
 .text.Default_Handler
                0x08000ad8        0x2 ./Core/Startup/startup_stm32f407vgtx.o
                0x08000ad8                RTC_Alarm_IRQHandler
                0x08000ad8                HASH_RNG_IRQHandler
                0x08000ad8                EXTI2_IRQHandler
                0x08000ad8                TIM8_CC_IRQHandler
                0x08000ad8                TIM1_CC_IRQHandler
                0x08000ad8                DMA2_Stream5_IRQHandler
                0x08000ad8                DMA1_Stream5_IRQHandler
                0x08000ad8                PVD_IRQHandler
                0x08000ad8                SDIO_IRQHandler
                0x08000ad8                TAMP_STAMP_IRQHandler
                0x08000ad8                CAN2_RX1_IRQHandler
                0x08000ad8                EXTI3_IRQHandler
                0x08000ad8                TIM8_TRG_COM_TIM14_IRQHandler
                0x08000ad8                TIM1_UP_TIM10_IRQHandler
                0x08000ad8                TIM8_UP_TIM13_IRQHandler
                0x08000ad8                I2C3_ER_IRQHandler
                0x08000ad8                EXTI0_IRQHandler
                0x08000ad8                I2C2_EV_IRQHandler
                0x08000ad8                DMA1_Stream2_IRQHandler
                0x08000ad8                CAN1_RX0_IRQHandler
                0x08000ad8                FPU_IRQHandler
                0x08000ad8                OTG_HS_WKUP_IRQHandler
                0x08000ad8                CAN2_SCE_IRQHandler
                0x08000ad8                DMA2_Stream2_IRQHandler
                0x08000ad8                SPI1_IRQHandler
                0x08000ad8                TIM6_DAC_IRQHandler
                0x08000ad8                TIM1_BRK_TIM9_IRQHandler
                0x08000ad8                DCMI_IRQHandler
                0x08000ad8                CAN2_RX0_IRQHandler
                0x08000ad8                DMA2_Stream3_IRQHandler
                0x08000ad8                USART6_IRQHandler
                0x08000ad8                USART3_IRQHandler
                0x08000ad8                CAN1_RX1_IRQHandler
                0x08000ad8                UART5_IRQHandler
                0x08000ad8                DMA2_Stream0_IRQHandler
                0x08000ad8                TIM4_IRQHandler
                0x08000ad8                I2C1_EV_IRQHandler
                0x08000ad8                DMA1_Stream6_IRQHandler
                0x08000ad8                DMA1_Stream1_IRQHandler
                0x08000ad8                UART4_IRQHandler
                0x08000ad8                TIM3_IRQHandler
                0x08000ad8                RCC_IRQHandler
                0x08000ad8                TIM8_BRK_TIM12_IRQHandler
                0x08000ad8                Default_Handler
                0x08000ad8                EXTI15_10_IRQHandler
                0x08000ad8                ADC_IRQHandler
                0x08000ad8                DMA1_Stream7_IRQHandler
                0x08000ad8                TIM7_IRQHandler
                0x08000ad8                CAN2_TX_IRQHandler
                0x08000ad8                TIM5_IRQHandler
                0x08000ad8                DMA2_Stream7_IRQHandler
                0x08000ad8                I2C3_EV_IRQHandler
                0x08000ad8                EXTI9_5_IRQHandler
                0x08000ad8                RTC_WKUP_IRQHandler
                0x08000ad8                ETH_WKUP_IRQHandler
                0x08000ad8                SPI2_IRQHandler
                0x08000ad8                OTG_HS_EP1_IN_IRQHandler
                0x08000ad8                DMA1_Stream0_IRQHandler
                0x08000ad8                CAN1_TX_IRQHandler
                0x08000ad8                EXTI4_IRQHandler
                0x08000ad8                FSMC_IRQHandler
                0x08000ad8                ETH_IRQHandler
                0x08000ad8                OTG_HS_EP1_OUT_IRQHandler
                0x08000ad8                WWDG_IRQHandler
                0x08000ad8                TIM2_IRQHandler
                0x08000ad8                OTG_FS_WKUP_IRQHandler
                0x08000ad8                TIM1_TRG_COM_TIM11_IRQHandler
                0x08000ad8                OTG_HS_IRQHandler
                0x08000ad8                EXTI1_IRQHandler
                0x08000ad8                I2C2_ER_IRQHandler
                0x08000ad8                DMA2_Stream1_IRQHandler
                0x08000ad8                CAN1_SCE_IRQHandler
                0x08000ad8                FLASH_IRQHandler
                0x08000ad8                DMA2_Stream4_IRQHandler
                0x08000ad8                USART1_IRQHandler
                0x08000ad8                OTG_FS_IRQHandler
                0x08000ad8                SPI3_IRQHandler
                0x08000ad8                DMA1_Stream4_IRQHandler
                0x08000ad8                I2C1_ER_IRQHandler
                0x08000ad8                DMA2_Stream6_IRQHandler
                0x08000ad8                DMA1_Stream3_IRQHandler
 *fill*         0x08000ada        0x2 
 .text.HAL_Init
                0x08000adc       0x44 ./Drivers/STM32F4xx_HAL_Driver/Src/stm32f4xx_hal.o
                0x08000adc                HAL_Init
 .text.HAL_InitTick
                0x08000b20       0x60 ./Drivers/STM32F4xx_HAL_Driver/Src/stm32f4xx_hal.o
                0x08000b20                HAL_InitTick
 .text.HAL_IncTick
                0x08000b80       0x24 ./Drivers/STM32F4xx_HAL_Driver/Src/stm32f4xx_hal.o
                0x08000b80                HAL_IncTick
 .text.HAL_GetTick
                0x08000ba4       0x14 ./Drivers/STM32F4xx_HAL_Driver/Src/stm32f4xx_hal.o
                0x08000ba4                HAL_GetTick
 .text.HAL_Delay
                0x08000bb8       0x48 ./Drivers/STM32F4xx_HAL_Driver/Src/stm32f4xx_hal.o
                0x08000bb8                HAL_Delay
 .text.__NVIC_SetPriorityGrouping
                0x08000c00       0x48 ./Drivers/STM32F4xx_HAL_Driver/Src/stm32f4xx_hal_cortex.o
 .text.__NVIC_GetPriorityGrouping
                0x08000c48       0x1c ./Drivers/STM32F4xx_HAL_Driver/Src/stm32f4xx_hal_cortex.o
 .text.__NVIC_SetPriority
                0x08000c64       0x54 ./Drivers/STM32F4xx_HAL_Driver/Src/stm32f4xx_hal_cortex.o
 .text.NVIC_EncodePriority
                0x08000cb8       0x64 ./Drivers/STM32F4xx_HAL_Driver/Src/stm32f4xx_hal_cortex.o
 .text.SysTick_Config
                0x08000d1c       0x44 ./Drivers/STM32F4xx_HAL_Driver/Src/stm32f4xx_hal_cortex.o
 .text.HAL_NVIC_SetPriorityGrouping
                0x08000d60       0x16 ./Drivers/STM32F4xx_HAL_Driver/Src/stm32f4xx_hal_cortex.o
                0x08000d60                HAL_NVIC_SetPriorityGrouping
 .text.HAL_NVIC_SetPriority
                0x08000d76       0x38 ./Drivers/STM32F4xx_HAL_Driver/Src/stm32f4xx_hal_cortex.o
                0x08000d76                HAL_NVIC_SetPriority
 .text.HAL_SYSTICK_Config
                0x08000dae       0x18 ./Drivers/STM32F4xx_HAL_Driver/Src/stm32f4xx_hal_cortex.o
                0x08000dae                HAL_SYSTICK_Config
 .text.HAL_DMA_Abort
                0x08000dc6       0xe0 ./Drivers/STM32F4xx_HAL_Driver/Src/stm32f4xx_hal_dma.o
                0x08000dc6                HAL_DMA_Abort
 .text.HAL_DMA_Abort_IT
                0x08000ea6       0x42 ./Drivers/STM32F4xx_HAL_Driver/Src/stm32f4xx_hal_dma.o
                0x08000ea6                HAL_DMA_Abort_IT
 .text.HAL_GPIO_Init
                0x08000ee8      0x334 ./Drivers/STM32F4xx_HAL_Driver/Src/stm32f4xx_hal_gpio.o
                0x08000ee8                HAL_GPIO_Init
 .text.HAL_GPIO_WritePin
                0x0800121c       0x30 ./Drivers/STM32F4xx_HAL_Driver/Src/stm32f4xx_hal_gpio.o
                0x0800121c                HAL_GPIO_WritePin
 .text.HAL_I2C_Init
                0x0800124c      0x288 ./Drivers/STM32F4xx_HAL_Driver/Src/stm32f4xx_hal_i2c.o
                0x0800124c                HAL_I2C_Init
 .text.HAL_I2C_Master_Transmit
                0x080014d4      0x1fc ./Drivers/STM32F4xx_HAL_Driver/Src/stm32f4xx_hal_i2c.o
                0x080014d4                HAL_I2C_Master_Transmit
 .text.HAL_I2C_IsDeviceReady
                0x080016d0      0x25c ./Drivers/STM32F4xx_HAL_Driver/Src/stm32f4xx_hal_i2c.o
                0x080016d0                HAL_I2C_IsDeviceReady
 .text.I2C_MasterRequestWrite
                0x0800192c      0x104 ./Drivers/STM32F4xx_HAL_Driver/Src/stm32f4xx_hal_i2c.o
 .text.I2C_WaitOnFlagUntilTimeout
                0x08001a30       0xf4 ./Drivers/STM32F4xx_HAL_Driver/Src/stm32f4xx_hal_i2c.o
 .text.I2C_WaitOnMasterAddressFlagUntilTimeout
                0x08001b24      0x140 ./Drivers/STM32F4xx_HAL_Driver/Src/stm32f4xx_hal_i2c.o
 .text.I2C_WaitOnTXEFlagUntilTimeout
                0x08001c64       0x90 ./Drivers/STM32F4xx_HAL_Driver/Src/stm32f4xx_hal_i2c.o
 .text.I2C_WaitOnBTFFlagUntilTimeout
                0x08001cf4       0x90 ./Drivers/STM32F4xx_HAL_Driver/Src/stm32f4xx_hal_i2c.o
 .text.I2C_IsAcknowledgeFailed
                0x08001d84       0x5c ./Drivers/STM32F4xx_HAL_Driver/Src/stm32f4xx_hal_i2c.o
 .text.HAL_RCC_OscConfig
                0x08001de0      0x4f0 ./Drivers/STM32F4xx_HAL_Driver/Src/stm32f4xx_hal_rcc.o
                0x08001de0                HAL_RCC_OscConfig
 .text.HAL_RCC_ClockConfig
                0x080022d0      0x1cc ./Drivers/STM32F4xx_HAL_Driver/Src/stm32f4xx_hal_rcc.o
                0x080022d0                HAL_RCC_ClockConfig
 .text.HAL_RCC_GetSysClockFreq
                0x0800249c      0x218 ./Drivers/STM32F4xx_HAL_Driver/Src/stm32f4xx_hal_rcc.o
                0x0800249c                HAL_RCC_GetSysClockFreq
 .text.HAL_RCC_GetHCLKFreq
                0x080026b4       0x14 ./Drivers/STM32F4xx_HAL_Driver/Src/stm32f4xx_hal_rcc.o
                0x080026b4                HAL_RCC_GetHCLKFreq
 .text.HAL_RCC_GetPCLK1Freq
                0x080026c8       0x28 ./Drivers/STM32F4xx_HAL_Driver/Src/stm32f4xx_hal_rcc.o
                0x080026c8                HAL_RCC_GetPCLK1Freq
 .text.HAL_UART_IRQHandler
                0x080026f0      0x554 ./Drivers/STM32F4xx_HAL_Driver/Src/stm32f4xx_hal_uart.o
                0x080026f0                HAL_UART_IRQHandler
 .text.HAL_UART_TxCpltCallback
                0x08002c44       0x12 ./Drivers/STM32F4xx_HAL_Driver/Src/stm32f4xx_hal_uart.o
                0x08002c44                HAL_UART_TxCpltCallback
 .text.HAL_UART_RxCpltCallback
                0x08002c56       0x12 ./Drivers/STM32F4xx_HAL_Driver/Src/stm32f4xx_hal_uart.o
                0x08002c56                HAL_UART_RxCpltCallback
 .text.HAL_UART_ErrorCallback
                0x08002c68       0x12 ./Drivers/STM32F4xx_HAL_Driver/Src/stm32f4xx_hal_uart.o
                0x08002c68                HAL_UART_ErrorCallback
 .text.HAL_UARTEx_RxEventCallback
                0x08002c7a       0x16 ./Drivers/STM32F4xx_HAL_Driver/Src/stm32f4xx_hal_uart.o
                0x08002c7a                HAL_UARTEx_RxEventCallback
 .text.UART_EndRxTransfer
                0x08002c90       0xc4 ./Drivers/STM32F4xx_HAL_Driver/Src/stm32f4xx_hal_uart.o
 .text.UART_DMAAbortOnError
                0x08002d54       0x22 ./Drivers/STM32F4xx_HAL_Driver/Src/stm32f4xx_hal_uart.o
 .text.UART_Transmit_IT
                0x08002d76       0x9e ./Drivers/STM32F4xx_HAL_Driver/Src/stm32f4xx_hal_uart.o
 .text.UART_EndTransmit_IT
                0x08002e14       0x30 ./Drivers/STM32F4xx_HAL_Driver/Src/stm32f4xx_hal_uart.o
 .text.UART_Receive_IT
                0x08002e44      0x17c ./Drivers/STM32F4xx_HAL_Driver/Src/stm32f4xx_hal_uart.o
 .text.memset   0x08002fc0       0x10 C:/ST/STM32CubeIDE_1.19.0/STM32CubeIDE/plugins/com.st.stm32cube.ide.mcu.externaltools.gnu-tools-for-stm32.13.3.rel1.win32_1.0.0.202411081344/tools/bin/../lib/gcc/arm-none-eabi/13.3.1/../../../../arm-none-eabi/lib/thumb/v7e-m/nofp\libc_nano.a(libc_a-memset.o)
                0x08002fc0                memset
 .text.__libc_init_array
                0x08002fd0       0x48 C:/ST/STM32CubeIDE_1.19.0/STM32CubeIDE/plugins/com.st.stm32cube.ide.mcu.externaltools.gnu-tools-for-stm32.13.3.rel1.win32_1.0.0.202411081344/tools/bin/../lib/gcc/arm-none-eabi/13.3.1/../../../../arm-none-eabi/lib/thumb/v7e-m/nofp\libc_nano.a(libc_a-init.o)
                0x08002fd0                __libc_init_array
 *(.glue_7)
 .glue_7        0x08003018        0x0 linker stubs
 *(.glue_7t)
 .glue_7t       0x08003018        0x0 linker stubs
 *(.eh_frame)
 .eh_frame      0x08003018        0x0 C:/ST/STM32CubeIDE_1.19.0/STM32CubeIDE/plugins/com.st.stm32cube.ide.mcu.externaltools.gnu-tools-for-stm32.13.3.rel1.win32_1.0.0.202411081344/tools/bin/../lib/gcc/arm-none-eabi/13.3.1/thumb/v7e-m/nofp/crtbegin.o
 *(.init)
 .init          0x08003018        0x4 C:/ST/STM32CubeIDE_1.19.0/STM32CubeIDE/plugins/com.st.stm32cube.ide.mcu.externaltools.gnu-tools-for-stm32.13.3.rel1.win32_1.0.0.202411081344/tools/bin/../lib/gcc/arm-none-eabi/13.3.1/thumb/v7e-m/nofp/crti.o
                0x08003018                _init
 .init          0x0800301c        0x8 C:/ST/STM32CubeIDE_1.19.0/STM32CubeIDE/plugins/com.st.stm32cube.ide.mcu.externaltools.gnu-tools-for-stm32.13.3.rel1.win32_1.0.0.202411081344/tools/bin/../lib/gcc/arm-none-eabi/13.3.1/thumb/v7e-m/nofp/crtn.o
 *(.fini)
 .fini          0x08003024        0x4 C:/ST/STM32CubeIDE_1.19.0/STM32CubeIDE/plugins/com.st.stm32cube.ide.mcu.externaltools.gnu-tools-for-stm32.13.3.rel1.win32_1.0.0.202411081344/tools/bin/../lib/gcc/arm-none-eabi/13.3.1/thumb/v7e-m/nofp/crti.o
                0x08003024                _fini
 .fini          0x08003028        0x8 C:/ST/STM32CubeIDE_1.19.0/STM32CubeIDE/plugins/com.st.stm32cube.ide.mcu.externaltools.gnu-tools-for-stm32.13.3.rel1.win32_1.0.0.202411081344/tools/bin/../lib/gcc/arm-none-eabi/13.3.1/thumb/v7e-m/nofp/crtn.o
                0x08003030                        . = ALIGN (0x4)
                0x08003030                        _etext = .

.vfp11_veneer   0x08003030        0x0
 .vfp11_veneer  0x08003030        0x0 linker stubs

.v4_bx          0x08003030        0x0
 .v4_bx         0x08003030        0x0 linker stubs

.iplt           0x08003030        0x0
 .iplt          0x08003030        0x0 C:/ST/STM32CubeIDE_1.19.0/STM32CubeIDE/plugins/com.st.stm32cube.ide.mcu.externaltools.gnu-tools-for-stm32.13.3.rel1.win32_1.0.0.202411081344/tools/bin/../lib/gcc/arm-none-eabi/13.3.1/thumb/v7e-m/nofp/crtbegin.o

.rodata         0x08003030       0x2c
                0x08003030                        . = ALIGN (0x4)
 *(.rodata)
 .rodata        0x08003030       0x11 ./Core/Src/main.o
 *(.rodata*)
 *fill*         0x08003041        0x3 
 .rodata.AHBPrescTable
                0x08003044       0x10 ./Core/Src/system_stm32f4xx.o
                0x08003044                AHBPrescTable
 .rodata.APBPrescTable
                0x08003054        0x8 ./Core/Src/system_stm32f4xx.o
                0x08003054                APBPrescTable
                0x0800305c                        . = ALIGN (0x4)

.ARM.extab      0x0800305c        0x0
                0x0800305c                        . = ALIGN (0x4)
 *(.ARM.extab* .gnu.linkonce.armextab.*)
                0x0800305c                        . = ALIGN (0x4)

.ARM            0x0800305c        0x8
                0x0800305c                        . = ALIGN (0x4)
                0x0800305c                        __exidx_start = .
 *(.ARM.exidx*)
 .ARM.exidx     0x0800305c        0x8 C:/ST/STM32CubeIDE_1.19.0/STM32CubeIDE/plugins/com.st.stm32cube.ide.mcu.externaltools.gnu-tools-for-stm32.13.3.rel1.win32_1.0.0.202411081344/tools/bin/../lib/gcc/arm-none-eabi/13.3.1/thumb/v7e-m/nofp\libgcc.a(_udivmoddi4.o)
                0x08003064                        __exidx_end = .
                0x08003064                        . = ALIGN (0x4)

.preinit_array  0x08003064        0x0
                0x08003064                        . = ALIGN (0x4)
                0x08003064                        PROVIDE (__preinit_array_start = .)
 *(.preinit_array*)
                0x08003064                        PROVIDE (__preinit_array_end = .)
                0x08003064                        . = ALIGN (0x4)

.init_array     0x08003064        0x4
                0x08003064                        . = ALIGN (0x4)
                0x08003064                        PROVIDE (__init_array_start = .)
 *(SORT_BY_NAME(.init_array.*))
 *(.init_array*)
 .init_array    0x08003064        0x4 C:/ST/STM32CubeIDE_1.19.0/STM32CubeIDE/plugins/com.st.stm32cube.ide.mcu.externaltools.gnu-tools-for-stm32.13.3.rel1.win32_1.0.0.202411081344/tools/bin/../lib/gcc/arm-none-eabi/13.3.1/thumb/v7e-m/nofp/crtbegin.o
                0x08003068                        PROVIDE (__init_array_end = .)
                0x08003068                        . = ALIGN (0x4)

.fini_array     0x08003068        0x4
                0x08003068                        . = ALIGN (0x4)
                [!provide]                        PROVIDE (__fini_array_start = .)
 *(SORT_BY_NAME(.fini_array.*))
 *(.fini_array*)
 .fini_array    0x08003068        0x4 C:/ST/STM32CubeIDE_1.19.0/STM32CubeIDE/plugins/com.st.stm32cube.ide.mcu.externaltools.gnu-tools-for-stm32.13.3.rel1.win32_1.0.0.202411081344/tools/bin/../lib/gcc/arm-none-eabi/13.3.1/thumb/v7e-m/nofp/crtbegin.o
                [!provide]                        PROVIDE (__fini_array_end = .)
                0x0800306c                        . = ALIGN (0x4)
                0x0800306c                        _sidata = LOADADDR (.data)

.rel.dyn        0x0800306c        0x0
 .rel.iplt      0x0800306c        0x0 C:/ST/STM32CubeIDE_1.19.0/STM32CubeIDE/plugins/com.st.stm32cube.ide.mcu.externaltools.gnu-tools-for-stm32.13.3.rel1.win32_1.0.0.202411081344/tools/bin/../lib/gcc/arm-none-eabi/13.3.1/thumb/v7e-m/nofp/crtbegin.o

.data           0x20000000        0xc load address 0x0800306c
                0x20000000                        . = ALIGN (0x4)
                0x20000000                        _sdata = .
 *(.data)
 *(.data*)
 .data.SystemCoreClock
                0x20000000        0x4 ./Core/Src/system_stm32f4xx.o
                0x20000000                SystemCoreClock
 .data.uwTickPrio
                0x20000004        0x4 ./Drivers/STM32F4xx_HAL_Driver/Src/stm32f4xx_hal.o
                0x20000004                uwTickPrio
 .data.uwTickFreq
                0x20000008        0x1 ./Drivers/STM32F4xx_HAL_Driver/Src/stm32f4xx_hal.o
                0x20000008                uwTickFreq
 *(.RamFunc)
 *(.RamFunc*)
                0x2000000c                        . = ALIGN (0x4)
 *fill*         0x20000009        0x3 
                0x2000000c                        _edata = .
                0x08003078                        _siccmram = LOADADDR (.ccmram)

.igot.plt       0x2000000c        0x0 load address 0x08003078
 .igot.plt      0x2000000c        0x0 C:/ST/STM32CubeIDE_1.19.0/STM32CubeIDE/plugins/com.st.stm32cube.ide.mcu.externaltools.gnu-tools-for-stm32.13.3.rel1.win32_1.0.0.202411081344/tools/bin/../lib/gcc/arm-none-eabi/13.3.1/thumb/v7e-m/nofp/crtbegin.o

.ccmram         0x10000000        0x0 load address 0x08003078
                0x10000000                        . = ALIGN (0x4)
                0x10000000                        _sccmram = .
 *(.ccmram)
 *(.ccmram*)
                0x10000000                        . = ALIGN (0x4)
                0x10000000                        _eccmram = .
                0x10000000                        . = ALIGN (0x4)

.bss            0x2000000c       0xc4
                0x2000000c                        _sbss = .
                0x2000000c                        __bss_start__ = _sbss
 *(.bss)
 .bss           0x2000000c       0x1c C:/ST/STM32CubeIDE_1.19.0/STM32CubeIDE/plugins/com.st.stm32cube.ide.mcu.externaltools.gnu-tools-for-stm32.13.3.rel1.win32_1.0.0.202411081344/tools/bin/../lib/gcc/arm-none-eabi/13.3.1/thumb/v7e-m/nofp/crtbegin.o
 *(.bss*)
 .bss.hi2c1     0x20000028       0x54 ./Core/Src/main.o
                0x20000028                hi2c1
 .bss.huart2    0x2000007c       0x48 ./Core/Src/main.o
                0x2000007c                huart2
 .bss.lcd16x2_i2cHandle
                0x200000c4        0x4 ./Core/Src/my_lcd.o
                0x200000c4                lcd16x2_i2cHandle
 .bss.LCD_I2C_SLAVE_ADDRESS
                0x200000c8        0x1 ./Core/Src/my_lcd.o
                0x200000c8                LCD_I2C_SLAVE_ADDRESS
 *fill*         0x200000c9        0x3 
 .bss.uwTick    0x200000cc        0x4 ./Drivers/STM32F4xx_HAL_Driver/Src/stm32f4xx_hal.o
                0x200000cc                uwTick
 *(COMMON)
                0x200000d0                        . = ALIGN (0x4)
                0x200000d0                        _ebss = .
                0x200000d0                        __bss_end__ = _ebss

._user_heap_stack
                0x200000d0      0x600
                0x200000d0                        . = ALIGN (0x8)
                [!provide]                        PROVIDE (end = .)
                0x200000d0                        PROVIDE (_end = .)
                0x200002d0                        . = (. + _Min_Heap_Size)
 *fill*         0x200000d0      0x200 
                0x200006d0                        . = (. + _Min_Stack_Size)
 *fill*         0x200002d0      0x400 
                0x200006d0                        . = ALIGN (0x8)

/DISCARD/
 libc.a(*)
 libm.a(*)
 libgcc.a(*)

.ARM.attributes
                0x00000000       0x2a
 *(.ARM.attributes)
 .ARM.attributes
                0x00000000       0x1e C:/ST/STM32CubeIDE_1.19.0/STM32CubeIDE/plugins/com.st.stm32cube.ide.mcu.externaltools.gnu-tools-for-stm32.13.3.rel1.win32_1.0.0.202411081344/tools/bin/../lib/gcc/arm-none-eabi/13.3.1/thumb/v7e-m/nofp/crti.o
 .ARM.attributes
                0x0000001e       0x2e C:/ST/STM32CubeIDE_1.19.0/STM32CubeIDE/plugins/com.st.stm32cube.ide.mcu.externaltools.gnu-tools-for-stm32.13.3.rel1.win32_1.0.0.202411081344/tools/bin/../lib/gcc/arm-none-eabi/13.3.1/thumb/v7e-m/nofp/crtbegin.o
 .ARM.attributes
                0x0000004c       0x2e ./Core/Src/main.o
 .ARM.attributes
                0x0000007a       0x2e ./Core/Src/my_lcd.o
 .ARM.attributes
                0x000000a8       0x2e ./Core/Src/stm32f4xx_hal_msp.o
 .ARM.attributes
                0x000000d6       0x2e ./Core/Src/stm32f4xx_it.o
 .ARM.attributes
                0x00000104       0x2e ./Core/Src/system_stm32f4xx.o
 .ARM.attributes
                0x00000132       0x21 ./Core/Startup/startup_stm32f407vgtx.o
 .ARM.attributes
                0x00000153       0x2e ./Drivers/STM32F4xx_HAL_Driver/Src/stm32f4xx_hal.o
 .ARM.attributes
                0x00000181       0x2e ./Drivers/STM32F4xx_HAL_Driver/Src/stm32f4xx_hal_cortex.o
 .ARM.attributes
                0x000001af       0x2e ./Drivers/STM32F4xx_HAL_Driver/Src/stm32f4xx_hal_dma.o
 .ARM.attributes
                0x000001dd       0x2e ./Drivers/STM32F4xx_HAL_Driver/Src/stm32f4xx_hal_gpio.o
 .ARM.attributes
                0x0000020b       0x2e ./Drivers/STM32F4xx_HAL_Driver/Src/stm32f4xx_hal_i2c.o
 .ARM.attributes
                0x00000239       0x2e ./Drivers/STM32F4xx_HAL_Driver/Src/stm32f4xx_hal_rcc.o
 .ARM.attributes
                0x00000267       0x2e ./Drivers/STM32F4xx_HAL_Driver/Src/stm32f4xx_hal_uart.o
 .ARM.attributes
                0x00000295       0x2e C:/ST/STM32CubeIDE_1.19.0/STM32CubeIDE/plugins/com.st.stm32cube.ide.mcu.externaltools.gnu-tools-for-stm32.13.3.rel1.win32_1.0.0.202411081344/tools/bin/../lib/gcc/arm-none-eabi/13.3.1/../../../../arm-none-eabi/lib/thumb/v7e-m/nofp\libc_nano.a(libc_a-memset.o)
 .ARM.attributes
                0x000002c3       0x2e C:/ST/STM32CubeIDE_1.19.0/STM32CubeIDE/plugins/com.st.stm32cube.ide.mcu.externaltools.gnu-tools-for-stm32.13.3.rel1.win32_1.0.0.202411081344/tools/bin/../lib/gcc/arm-none-eabi/13.3.1/../../../../arm-none-eabi/lib/thumb/v7e-m/nofp\libc_nano.a(libc_a-init.o)
 .ARM.attributes
                0x000002f1       0x1e C:/ST/STM32CubeIDE_1.19.0/STM32CubeIDE/plugins/com.st.stm32cube.ide.mcu.externaltools.gnu-tools-for-stm32.13.3.rel1.win32_1.0.0.202411081344/tools/bin/../lib/gcc/arm-none-eabi/13.3.1/thumb/v7e-m/nofp\libgcc.a(_aeabi_uldivmod.o)
 .ARM.attributes
                0x0000030f       0x2e C:/ST/STM32CubeIDE_1.19.0/STM32CubeIDE/plugins/com.st.stm32cube.ide.mcu.externaltools.gnu-tools-for-stm32.13.3.rel1.win32_1.0.0.202411081344/tools/bin/../lib/gcc/arm-none-eabi/13.3.1/thumb/v7e-m/nofp\libgcc.a(_udivmoddi4.o)
 .ARM.attributes
                0x0000033d       0x1e C:/ST/STM32CubeIDE_1.19.0/STM32CubeIDE/plugins/com.st.stm32cube.ide.mcu.externaltools.gnu-tools-for-stm32.13.3.rel1.win32_1.0.0.202411081344/tools/bin/../lib/gcc/arm-none-eabi/13.3.1/thumb/v7e-m/nofp\libgcc.a(_dvmd_tls.o)
 .ARM.attributes
                0x0000035b       0x1e C:/ST/STM32CubeIDE_1.19.0/STM32CubeIDE/plugins/com.st.stm32cube.ide.mcu.externaltools.gnu-tools-for-stm32.13.3.rel1.win32_1.0.0.202411081344/tools/bin/../lib/gcc/arm-none-eabi/13.3.1/thumb/v7e-m/nofp/crtn.o
OUTPUT(Question 2.c.elf elf32-littlearm)
LOAD linker stubs
LOAD C:/ST/STM32CubeIDE_1.19.0/STM32CubeIDE/plugins/com.st.stm32cube.ide.mcu.externaltools.gnu-tools-for-stm32.13.3.rel1.win32_1.0.0.202411081344/tools/bin/../lib/gcc/arm-none-eabi/13.3.1/../../../../arm-none-eabi/lib/thumb/v7e-m/nofp\libc.a
LOAD C:/ST/STM32CubeIDE_1.19.0/STM32CubeIDE/plugins/com.st.stm32cube.ide.mcu.externaltools.gnu-tools-for-stm32.13.3.rel1.win32_1.0.0.202411081344/tools/bin/../lib/gcc/arm-none-eabi/13.3.1/../../../../arm-none-eabi/lib/thumb/v7e-m/nofp\libm.a
LOAD C:/ST/STM32CubeIDE_1.19.0/STM32CubeIDE/plugins/com.st.stm32cube.ide.mcu.externaltools.gnu-tools-for-stm32.13.3.rel1.win32_1.0.0.202411081344/tools/bin/../lib/gcc/arm-none-eabi/13.3.1/thumb/v7e-m/nofp\libgcc.a

.debug_info     0x00000000     0xb16f
 .debug_info    0x00000000      0xed0 ./Core/Src/main.o
 .debug_info    0x00000ed0      0x7f7 ./Core/Src/my_lcd.o
 .debug_info    0x000016c7      0xe7f ./Core/Src/stm32f4xx_hal_msp.o
 .debug_info    0x00002546      0x639 ./Core/Src/stm32f4xx_it.o
 .debug_info    0x00002b7f      0x31f ./Core/Src/system_stm32f4xx.o
 .debug_info    0x00002e9e       0x30 ./Core/Startup/startup_stm32f407vgtx.o
 .debug_info    0x00002ece      0x944 ./Drivers/STM32F4xx_HAL_Driver/Src/stm32f4xx_hal.o
 .debug_info    0x00003812      0xd8c ./Drivers/STM32F4xx_HAL_Driver/Src/stm32f4xx_hal_cortex.o
 .debug_info    0x0000459e      0x8e7 ./Drivers/STM32F4xx_HAL_Driver/Src/stm32f4xx_hal_dma.o
 .debug_info    0x00004e85      0x6c3 ./Drivers/STM32F4xx_HAL_Driver/Src/stm32f4xx_hal_gpio.o
 .debug_info    0x00005548     0x2415 ./Drivers/STM32F4xx_HAL_Driver/Src/stm32f4xx_hal_i2c.o
 .debug_info    0x0000795d      0x8c3 ./Drivers/STM32F4xx_HAL_Driver/Src/stm32f4xx_hal_rcc.o
 .debug_info    0x00008220     0x2f4f ./Drivers/STM32F4xx_HAL_Driver/Src/stm32f4xx_hal_uart.o

.debug_abbrev   0x00000000     0x1ac9
 .debug_abbrev  0x00000000      0x27a ./Core/Src/main.o
 .debug_abbrev  0x0000027a      0x1f3 ./Core/Src/my_lcd.o
 .debug_abbrev  0x0000046d      0x1cc ./Core/Src/stm32f4xx_hal_msp.o
 .debug_abbrev  0x00000639      0x175 ./Core/Src/stm32f4xx_it.o
 .debug_abbrev  0x000007ae      0x11c ./Core/Src/system_stm32f4xx.o
 .debug_abbrev  0x000008ca       0x24 ./Core/Startup/startup_stm32f407vgtx.o
 .debug_abbrev  0x000008ee      0x214 ./Drivers/STM32F4xx_HAL_Driver/Src/stm32f4xx_hal.o
 .debug_abbrev  0x00000b02      0x31d ./Drivers/STM32F4xx_HAL_Driver/Src/stm32f4xx_hal_cortex.o
 .debug_abbrev  0x00000e1f      0x264 ./Drivers/STM32F4xx_HAL_Driver/Src/stm32f4xx_hal_dma.o
 .debug_abbrev  0x00001083      0x1d4 ./Drivers/STM32F4xx_HAL_Driver/Src/stm32f4xx_hal_gpio.o
 .debug_abbrev  0x00001257      0x2ad ./Drivers/STM32F4xx_HAL_Driver/Src/stm32f4xx_hal_i2c.o
 .debug_abbrev  0x00001504      0x2b7 ./Drivers/STM32F4xx_HAL_Driver/Src/stm32f4xx_hal_rcc.o
 .debug_abbrev  0x000017bb      0x30e ./Drivers/STM32F4xx_HAL_Driver/Src/stm32f4xx_hal_uart.o

.debug_aranges  0x00000000      0x9d8
 .debug_aranges
                0x00000000       0x48 ./Core/Src/main.o
 .debug_aranges
                0x00000048       0x58 ./Core/Src/my_lcd.o
 .debug_aranges
                0x000000a0       0x40 ./Core/Src/stm32f4xx_hal_msp.o
 .debug_aranges
                0x000000e0       0x68 ./Core/Src/stm32f4xx_it.o
 .debug_aranges
                0x00000148       0x28 ./Core/Src/system_stm32f4xx.o
 .debug_aranges
                0x00000170       0x28 ./Core/Startup/startup_stm32f407vgtx.o
 .debug_aranges
                0x00000198       0xf0 ./Drivers/STM32F4xx_HAL_Driver/Src/stm32f4xx_hal.o
 .debug_aranges
                0x00000288      0x130 ./Drivers/STM32F4xx_HAL_Driver/Src/stm32f4xx_hal_cortex.o
 .debug_aranges
                0x000003b8       0x90 ./Drivers/STM32F4xx_HAL_Driver/Src/stm32f4xx_hal_dma.o
 .debug_aranges
                0x00000448       0x58 ./Drivers/STM32F4xx_HAL_Driver/Src/stm32f4xx_hal_gpio.o
 .debug_aranges
                0x000004a0      0x2a8 ./Drivers/STM32F4xx_HAL_Driver/Src/stm32f4xx_hal_i2c.o
 .debug_aranges
                0x00000748       0x88 ./Drivers/STM32F4xx_HAL_Driver/Src/stm32f4xx_hal_rcc.o
 .debug_aranges
                0x000007d0      0x208 ./Drivers/STM32F4xx_HAL_Driver/Src/stm32f4xx_hal_uart.o

.debug_rnglists
                0x00000000      0x7b5
 .debug_rnglists
                0x00000000       0x33 ./Core/Src/main.o
 .debug_rnglists
                0x00000033       0x3e ./Core/Src/my_lcd.o
 .debug_rnglists
                0x00000071       0x2d ./Core/Src/stm32f4xx_hal_msp.o
 .debug_rnglists
                0x0000009e       0x49 ./Core/Src/stm32f4xx_it.o
 .debug_rnglists
                0x000000e7       0x1a ./Core/Src/system_stm32f4xx.o
 .debug_rnglists
                0x00000101       0x19 ./Core/Startup/startup_stm32f407vgtx.o
 .debug_rnglists
                0x0000011a       0xaf ./Drivers/STM32F4xx_HAL_Driver/Src/stm32f4xx_hal.o
 .debug_rnglists
                0x000001c9       0xdf ./Drivers/STM32F4xx_HAL_Driver/Src/stm32f4xx_hal_cortex.o
 .debug_rnglists
                0x000002a8       0x70 ./Drivers/STM32F4xx_HAL_Driver/Src/stm32f4xx_hal_dma.o
 .debug_rnglists
                0x00000318       0x3f ./Drivers/STM32F4xx_HAL_Driver/Src/stm32f4xx_hal_gpio.o
 .debug_rnglists
                0x00000357      0x23c ./Drivers/STM32F4xx_HAL_Driver/Src/stm32f4xx_hal_i2c.o
 .debug_rnglists
                0x00000593       0x66 ./Drivers/STM32F4xx_HAL_Driver/Src/stm32f4xx_hal_rcc.o
 .debug_rnglists
                0x000005f9      0x1bc ./Drivers/STM32F4xx_HAL_Driver/Src/stm32f4xx_hal_uart.o

.debug_macro    0x00000000    0x2078f
 .debug_macro   0x00000000      0x1de ./Core/Src/main.o
 .debug_macro   0x000001de      0xacc ./Core/Src/main.o
 .debug_macro   0x00000caa      0x29b ./Core/Src/main.o
 .debug_macro   0x00000f45       0x2e ./Core/Src/main.o
 .debug_macro   0x00000f73       0x2f ./Core/Src/main.o
 .debug_macro   0x00000fa2       0x22 ./Core/Src/main.o
 .debug_macro   0x00000fc4       0x8e ./Core/Src/main.o
 .debug_macro   0x00001052       0x51 ./Core/Src/main.o
 .debug_macro   0x000010a3      0x103 ./Core/Src/main.o
 .debug_macro   0x000011a6       0x6a ./Core/Src/main.o
 .debug_macro   0x00001210      0x1df ./Core/Src/main.o
 .debug_macro   0x000013ef       0x1c ./Core/Src/main.o
 .debug_macro   0x0000140b       0x22 ./Core/Src/main.o
 .debug_macro   0x0000142d       0xfb ./Core/Src/main.o
 .debug_macro   0x00001528     0x1011 ./Core/Src/main.o
 .debug_macro   0x00002539      0x11f ./Core/Src/main.o
 .debug_macro   0x00002658    0x15ea5 ./Core/Src/main.o
 .debug_macro   0x000184fd       0x6d ./Core/Src/main.o
 .debug_macro   0x0001856a     0x3693 ./Core/Src/main.o
 .debug_macro   0x0001bbfd      0x190 ./Core/Src/main.o
 .debug_macro   0x0001bd8d       0x5c ./Core/Src/main.o
 .debug_macro   0x0001bde9      0x980 ./Core/Src/main.o
 .debug_macro   0x0001c769      0x9e9 ./Core/Src/main.o
 .debug_macro   0x0001d152      0x115 ./Core/Src/main.o
 .debug_macro   0x0001d267      0x13e ./Core/Src/main.o
 .debug_macro   0x0001d3a5       0xa5 ./Core/Src/main.o
 .debug_macro   0x0001d44a      0x174 ./Core/Src/main.o
 .debug_macro   0x0001d5be      0x287 ./Core/Src/main.o
 .debug_macro   0x0001d845       0x5f ./Core/Src/main.o
 .debug_macro   0x0001d8a4      0x236 ./Core/Src/main.o
 .debug_macro   0x0001dada      0x12c ./Core/Src/main.o
 .debug_macro   0x0001dc06      0x21e ./Core/Src/main.o
 .debug_macro   0x0001de24       0x2e ./Core/Src/main.o
 .debug_macro   0x0001de52      0x1b5 ./Core/Src/main.o
 .debug_macro   0x0001e007       0xd6 ./Core/Src/main.o
 .debug_macro   0x0001e0dd      0x127 ./Core/Src/main.o
 .debug_macro   0x0001e204       0x7e ./Core/Src/main.o
 .debug_macro   0x0001e282       0x89 ./Core/Src/main.o
 .debug_macro   0x0001e30b      0x2aa ./Core/Src/main.o
 .debug_macro   0x0001e5b5      0x12d ./Core/Src/main.o
 .debug_macro   0x0001e6e2      0x307 ./Core/Src/my_lcd.o
 .debug_macro   0x0001e9e9       0x22 ./Core/Src/my_lcd.o
 .debug_macro   0x0001ea0b       0x52 ./Core/Src/my_lcd.o
 .debug_macro   0x0001ea5d       0x61 ./Core/Src/my_lcd.o
 .debug_macro   0x0001eabe       0x24 ./Core/Src/my_lcd.o
 .debug_macro   0x0001eae2       0x43 ./Core/Src/my_lcd.o
 .debug_macro   0x0001eb25       0x34 ./Core/Src/my_lcd.o
 .debug_macro   0x0001eb59       0x16 ./Core/Src/my_lcd.o
 .debug_macro   0x0001eb6f       0x3c ./Core/Src/my_lcd.o
 .debug_macro   0x0001ebab      0x370 ./Core/Src/my_lcd.o
 .debug_macro   0x0001ef1b       0x10 ./Core/Src/my_lcd.o
 .debug_macro   0x0001ef2b       0x16 ./Core/Src/my_lcd.o
 .debug_macro   0x0001ef41       0x4a ./Core/Src/my_lcd.o
 .debug_macro   0x0001ef8b       0x34 ./Core/Src/my_lcd.o
 .debug_macro   0x0001efbf       0x10 ./Core/Src/my_lcd.o
 .debug_macro   0x0001efcf       0x58 ./Core/Src/my_lcd.o
 .debug_macro   0x0001f027       0x8e ./Core/Src/my_lcd.o
 .debug_macro   0x0001f0b5       0x1c ./Core/Src/my_lcd.o
 .debug_macro   0x0001f0d1      0x185 ./Core/Src/my_lcd.o
 .debug_macro   0x0001f256       0x16 ./Core/Src/my_lcd.o
 .debug_macro   0x0001f26c       0x16 ./Core/Src/my_lcd.o
 .debug_macro   0x0001f282      0x146 ./Core/Src/my_lcd.o
 .debug_macro   0x0001f3c8       0x16 ./Core/Src/my_lcd.o
 .debug_macro   0x0001f3de       0x20 ./Core/Src/my_lcd.o
 .debug_macro   0x0001f3fe       0x4c ./Core/Src/my_lcd.o
 .debug_macro   0x0001f44a      0x1de ./Core/Src/stm32f4xx_hal_msp.o
 .debug_macro   0x0001f628      0x1e8 ./Core/Src/stm32f4xx_it.o
 .debug_macro   0x0001f810      0x1d4 ./Core/Src/system_stm32f4xx.o
 .debug_macro   0x0001f9e4      0x234 ./Drivers/STM32F4xx_HAL_Driver/Src/stm32f4xx_hal.o
 .debug_macro   0x0001fc18      0x1d4 ./Drivers/STM32F4xx_HAL_Driver/Src/stm32f4xx_hal_cortex.o
 .debug_macro   0x0001fdec      0x1da ./Drivers/STM32F4xx_HAL_Driver/Src/stm32f4xx_hal_dma.o
 .debug_macro   0x0001ffc6      0x1da ./Drivers/STM32F4xx_HAL_Driver/Src/stm32f4xx_hal_gpio.o
 .debug_macro   0x000201a0      0x222 ./Drivers/STM32F4xx_HAL_Driver/Src/stm32f4xx_hal_i2c.o
 .debug_macro   0x000203c2      0x1f8 ./Drivers/STM32F4xx_HAL_Driver/Src/stm32f4xx_hal_rcc.o
 .debug_macro   0x000205ba      0x1d5 ./Drivers/STM32F4xx_HAL_Driver/Src/stm32f4xx_hal_uart.o

.debug_line     0x00000000     0xcb9f
 .debug_line    0x00000000      0x876 ./Core/Src/main.o
 .debug_line    0x00000876      0x9e9 ./Core/Src/my_lcd.o
 .debug_line    0x0000125f      0x7e5 ./Core/Src/stm32f4xx_hal_msp.o
 .debug_line    0x00001a44      0x80d ./Core/Src/stm32f4xx_it.o
 .debug_line    0x00002251      0x7b4 ./Core/Src/system_stm32f4xx.o
 .debug_line    0x00002a05       0x7a ./Core/Startup/startup_stm32f407vgtx.o
 .debug_line    0x00002a7f      0xa38 ./Drivers/STM32F4xx_HAL_Driver/Src/stm32f4xx_hal.o
 .debug_line    0x000034b7      0xd08 ./Drivers/STM32F4xx_HAL_Driver/Src/stm32f4xx_hal_cortex.o
 .debug_line    0x000041bf      0xfa4 ./Drivers/STM32F4xx_HAL_Driver/Src/stm32f4xx_hal_dma.o
 .debug_line    0x00005163      0xb90 ./Drivers/STM32F4xx_HAL_Driver/Src/stm32f4xx_hal_gpio.o
 .debug_line    0x00005cf3     0x3ae5 ./Drivers/STM32F4xx_HAL_Driver/Src/stm32f4xx_hal_i2c.o
 .debug_line    0x000097d8      0xe47 ./Drivers/STM32F4xx_HAL_Driver/Src/stm32f4xx_hal_rcc.o
 .debug_line    0x0000a61f     0x2580 ./Drivers/STM32F4xx_HAL_Driver/Src/stm32f4xx_hal_uart.o

.debug_str      0x00000000    0xc51af
 .debug_str     0x00000000    0xc51af ./Core/Src/main.o
                              0xbf108 (size before relaxing)
 .debug_str     0x000c51af    0xc270c ./Core/Src/my_lcd.o
 .debug_str     0x000c51af    0xbf440 ./Core/Src/stm32f4xx_hal_msp.o
 .debug_str     0x000c51af    0xbeb6e ./Core/Src/stm32f4xx_it.o
 .debug_str     0x000c51af    0xbe794 ./Core/Src/system_stm32f4xx.o
 .debug_str     0x000c51af       0x6a ./Core/Startup/startup_stm32f407vgtx.o
 .debug_str     0x000c51af    0xbf36c ./Drivers/STM32F4xx_HAL_Driver/Src/stm32f4xx_hal.o
 .debug_str     0x000c51af    0xbf0e8 ./Drivers/STM32F4xx_HAL_Driver/Src/stm32f4xx_hal_cortex.o
 .debug_str     0x000c51af    0xbec02 ./Drivers/STM32F4xx_HAL_Driver/Src/stm32f4xx_hal_dma.o
 .debug_str     0x000c51af    0xbe963 ./Drivers/STM32F4xx_HAL_Driver/Src/stm32f4xx_hal_gpio.o
 .debug_str     0x000c51af    0xbf806 ./Drivers/STM32F4xx_HAL_Driver/Src/stm32f4xx_hal_i2c.o
 .debug_str     0x000c51af    0xbec1c ./Drivers/STM32F4xx_HAL_Driver/Src/stm32f4xx_hal_rcc.o
 .debug_str     0x000c51af    0xbf1fd ./Drivers/STM32F4xx_HAL_Driver/Src/stm32f4xx_hal_uart.o

.comment        0x00000000       0x43
 .comment       0x00000000       0x43 ./Core/Src/main.o
                                 0x44 (size before relaxing)
 .comment       0x00000043       0x44 ./Core/Src/my_lcd.o
 .comment       0x00000043       0x44 ./Core/Src/stm32f4xx_hal_msp.o
 .comment       0x00000043       0x44 ./Core/Src/stm32f4xx_it.o
 .comment       0x00000043       0x44 ./Core/Src/system_stm32f4xx.o
 .comment       0x00000043       0x44 ./Drivers/STM32F4xx_HAL_Driver/Src/stm32f4xx_hal.o
 .comment       0x00000043       0x44 ./Drivers/STM32F4xx_HAL_Driver/Src/stm32f4xx_hal_cortex.o
 .comment       0x00000043       0x44 ./Drivers/STM32F4xx_HAL_Driver/Src/stm32f4xx_hal_dma.o
 .comment       0x00000043       0x44 ./Drivers/STM32F4xx_HAL_Driver/Src/stm32f4xx_hal_gpio.o
 .comment       0x00000043       0x44 ./Drivers/STM32F4xx_HAL_Driver/Src/stm32f4xx_hal_i2c.o
 .comment       0x00000043       0x44 ./Drivers/STM32F4xx_HAL_Driver/Src/stm32f4xx_hal_rcc.o
 .comment       0x00000043       0x44 ./Drivers/STM32F4xx_HAL_Driver/Src/stm32f4xx_hal_uart.o

.debug_frame    0x00000000     0x28b0
 .debug_frame   0x00000000       0xc4 ./Core/Src/main.o
 .debug_frame   0x000000c4      0x120 ./Core/Src/my_lcd.o
 .debug_frame   0x000001e4       0xc4 ./Core/Src/stm32f4xx_hal_msp.o
 .debug_frame   0x000002a8      0x120 ./Core/Src/stm32f4xx_it.o
 .debug_frame   0x000003c8       0x58 ./Core/Src/system_stm32f4xx.o
 .debug_frame   0x00000420      0x374 ./Drivers/STM32F4xx_HAL_Driver/Src/stm32f4xx_hal.o
 .debug_frame   0x00000794      0x508 ./Drivers/STM32F4xx_HAL_Driver/Src/stm32f4xx_hal_cortex.o
 .debug_frame   0x00000c9c      0x250 ./Drivers/STM32F4xx_HAL_Driver/Src/stm32f4xx_hal_dma.o
 .debug_frame   0x00000eec      0x14c ./Drivers/STM32F4xx_HAL_Driver/Src/stm32f4xx_hal_gpio.o
 .debug_frame   0x00001038      0xc84 ./Drivers/STM32F4xx_HAL_Driver/Src/stm32f4xx_hal_i2c.o
 .debug_frame   0x00001cbc      0x1f4 ./Drivers/STM32F4xx_HAL_Driver/Src/stm32f4xx_hal_rcc.o
 .debug_frame   0x00001eb0      0x954 ./Drivers/STM32F4xx_HAL_Driver/Src/stm32f4xx_hal_uart.o
 .debug_frame   0x00002804       0x20 C:/ST/STM32CubeIDE_1.19.0/STM32CubeIDE/plugins/com.st.stm32cube.ide.mcu.externaltools.gnu-tools-for-stm32.13.3.rel1.win32_1.0.0.202411081344/tools/bin/../lib/gcc/arm-none-eabi/13.3.1/../../../../arm-none-eabi/lib/thumb/v7e-m/nofp\libc_nano.a(libc_a-memset.o)
 .debug_frame   0x00002824       0x2c C:/ST/STM32CubeIDE_1.19.0/STM32CubeIDE/plugins/com.st.stm32cube.ide.mcu.externaltools.gnu-tools-for-stm32.13.3.rel1.win32_1.0.0.202411081344/tools/bin/../lib/gcc/arm-none-eabi/13.3.1/../../../../arm-none-eabi/lib/thumb/v7e-m/nofp\libc_nano.a(libc_a-init.o)
 .debug_frame   0x00002850       0x2c C:/ST/STM32CubeIDE_1.19.0/STM32CubeIDE/plugins/com.st.stm32cube.ide.mcu.externaltools.gnu-tools-for-stm32.13.3.rel1.win32_1.0.0.202411081344/tools/bin/../lib/gcc/arm-none-eabi/13.3.1/thumb/v7e-m/nofp\libgcc.a(_aeabi_uldivmod.o)
 .debug_frame   0x0000287c       0x34 C:/ST/STM32CubeIDE_1.19.0/STM32CubeIDE/plugins/com.st.stm32cube.ide.mcu.externaltools.gnu-tools-for-stm32.13.3.rel1.win32_1.0.0.202411081344/tools/bin/../lib/gcc/arm-none-eabi/13.3.1/thumb/v7e-m/nofp\libgcc.a(_udivmoddi4.o)

.debug_line_str
                0x00000000       0x4e
 .debug_line_str
                0x00000000       0x4e ./Core/Startup/startup_stm32f407vgtx.o
